用时 21 出错 []
k    a   m  hold    笔数  胜率   每笔%   PF  前段笔  前段PF  2026笔  2026PF  近6月PF  老币PF  新币PF 赚钱季度  止损%   sd
A 0.02 1.0    48 13130  45 -0.12 0.89 5564  0.91   7566    0.88   0.90  0.90  0.89  1/8   36  NaN
A 0.02 1.0   144  9986  39 -0.15 0.90 4234  0.84   5752    0.95   1.04  0.90  0.89  2/8   53  NaN
A 0.02 2.0    48 13120  50 -0.12 0.90 5562  0.87   7558    0.93   0.97  0.87  0.91  0/8   14  NaN
A 0.02 2.0   144  9980  49 -0.16 0.91 4228  0.85   5752    0.96   1.09  0.87  0.93  1/8   26  NaN
A 0.04 1.0    48  2023  49 -0.11 0.94  923  0.87   1100    1.01   1.11  0.81  0.99  1/8   26  NaN
A 0.04 1.0   144  1746  44 -0.24 0.90  775  0.77    971    1.02   1.24  0.74  0.97  2/8   40  NaN
A 0.04 2.0    48  2020  53 -0.10 0.95  920  0.86   1100    1.04   1.06  0.82  1.00  3/8    9  NaN
A 0.04 2.0   144  1746  50 -0.34 0.87  775  0.73    971    1.00   1.11  0.76  0.92  3/8   17  NaN
B  NaN NaN    48 27627  41 -0.23 0.76 9822  0.76  17805    0.76   0.61  0.77  0.76  0/8   18 0.03
B  NaN NaN   144 19791  39 -0.33 0.76 6962  0.75  12829    0.77   0.66  0.78  0.76  1/8   36 0.03
B  NaN NaN   288 15242  37 -0.37 0.78 5383  0.71   9859    0.83   0.68  0.77  0.79  2/8   49 0.03
B  NaN NaN    48 27610  42 -0.24 0.76 9818  0.77  17792    0.75   0.60  0.76  0.76  0/8    4 0.06
B  NaN NaN   144 19778  44 -0.35 0.77 6956  0.78  12822    0.77   0.65  0.79  0.76  1/8   12 0.06
B  NaN NaN   288 15241  45 -0.45 0.78 5383  0.69   9858    0.83   0.69  0.77  0.78  2/8   22 0.06
C  NaN NaN    48 11696  46 -0.17 0.80 3568  0.87   8128    0.76   0.76  0.82  0.78  0/8   16 0.03
C  NaN NaN   144  7910  45 -0.19 0.85 2434  0.90   5476    0.82   0.82  0.89  0.82  1/8   34 0.03
C  NaN NaN   288  5957  41 -0.22 0.86 1868  0.89   4089    0.85   0.81  0.91  0.83  2/8   48 0.03
C  NaN NaN    48 11687  48 -0.16 0.82 3565  0.87   8122    0.79   0.77  0.83  0.80  0/8    4 0.06
C  NaN NaN   144  7904  50 -0.18 0.87 2431  0.90   5473    0.85   0.84  0.91  0.84  1/8   13 0.06
C  NaN NaN   288  5956  50 -0.15 0.92 1867  0.92   4089    0.92   0.86  0.98  0.88  3/8   22 0.06
D  NaN NaN   144   591  42 -0.50 0.80   93  1.11    498    0.72   0.75  0.74  0.83  2/8   44 0.05
D  NaN NaN   288   418  38 -0.67 0.77   71  0.82    347    0.76   0.84  0.69  0.82  0/8   54 0.05
D  NaN NaN   144   588  51 -0.41 0.86   92  1.19    496    0.78   0.75  0.76  0.92  3/8   22 0.10
D  NaN NaN   288   418  48 -0.93 0.76   71  0.89    347    0.73   0.73  0.63  0.85  2/8   33 0.10
