BCH 14790
EOS 11761
LTC 14710
TRX 14674
ETC 14698
XLM 14644
XMR 14590
DASH 14584
ZEC 14548
XTZ 14572
ATOM 14565
ONT 14542
IOTA 14506
BAT 14530
VET 14494
NEO 14506
QTUM 14488
IOST 14482
THETA 13906
ALGO 13786
ZIL 13744
KNC 13534
ZRX 13738
COMP 13702
OMG 13660
SXP 12658
KAVA 13535
BAND 13529
RLC 13487
WAVES 13415
MKR 13409
SNX 13433
DOT 13385
YFI 13301
BAL 13325
CRV 13325
TRB 13283
RUNE 13307
SUSHI 13277
SRM 8168
EGLD 13247
ICX 13241
STORJ 13205
BLZ 13229
UNI 13223
AVAX 13193
FTM 13157
ENJ 13157
FLM 13127
REN 13073
KSM 13037
NEAR 13030
AAVE 13055
FIL 13025
RSR 13007
LRC 13007
MATIC 8522
OCEAN 12917
CVC 12897
BEL 12857
CTK 12849
AXS 12845
ALPHA 12827
ZEN 12791
SKL 12707
GRT 12641
1INCH 12634
LUNA 2791
