('SOL', 240, 20, 1.5, 2, 20) {'笔数': 177, '胜率': '34%', 'PF': np.float64(0.92), '平均R': np.float64(0.002), '资金费占比R': np.float64(0.017)}
('SOL', 240, 20, 1.5, 2, 25) {'笔数': 145, '胜率': '33%', 'PF': np.float64(0.87), '平均R': np.float64(-0.04), '资金费占比R': np.float64(0.018)}
('SOL', 240, 20, 1.5, 3, 20) {'笔数': 158, '胜率': '30%', 'PF': np.float64(0.93), '平均R': np.float64(0.073), '资金费占比R': np.float64(0.023)}
('SOL', 240, 20, 1.5, 3, 25) {'笔数': 129, '胜率': '31%', 'PF': np.float64(0.86), '平均R': np.float64(0.019), '资金费占比R': np.float64(0.024)}
('SOL', 240, 20, 2.5, 2, 20) {'笔数': 136, '胜率': '41%', 'PF': np.float64(1.08), '平均R': np.float64(0.115), '资金费占比R': np.float64(0.017)}
('SOL', 240, 20, 2.5, 2, 25) {'笔数': 112, '胜率': '38%', 'PF': np.float64(1.06), '平均R': np.float64(0.123), '资金费占比R': np.float64(0.02)}
('SOL', 240, 20, 2.5, 3, 20) {'笔数': 122, '胜率': '43%', 'PF': np.float64(1.19), '平均R': np.float64(0.209), '资金费占比R': np.float64(0.021)}
('SOL', 240, 20, 2.5, 3, 25) {'笔数': 101, '胜率': '40%', 'PF': np.float64(1.16), '平均R': np.float64(0.233), '资金费占比R': np.float64(0.024)}
('SOL', 240, 55, 1.5, 2, 20) {'笔数': 150, '胜率': '36%', 'PF': np.float64(1.04), '平均R': np.float64(0.088), '资金费占比R': np.float64(0.019)}
('SOL', 240, 55, 1.5, 2, 25) {'笔数': 131, '胜率': '34%', 'PF': np.float64(0.95), '平均R': np.float64(0.026), '资金费占比R': np.float64(0.019)}
('SOL', 240, 55, 1.5, 3, 20) {'笔数': 131, '胜率': '35%', 'PF': np.float64(1.12), '平均R': np.float64(0.195), '资金费占比R': np.float64(0.026)}
('SOL', 240, 55, 1.5, 3, 25) {'笔数': 115, '胜率': '34%', 'PF': np.float64(0.97), '平均R': np.float64(0.121), '资金费占比R': np.float64(0.026)}
('SOL', 240, 55, 2.5, 2, 20) {'笔数': 118, '胜率': '39%', 'PF': np.float64(1.08), '平均R': np.float64(0.092), '资金费占比R': np.float64(0.018)}
('SOL', 240, 55, 2.5, 2, 25) {'笔数': 103, '胜率': '38%', 'PF': np.float64(1.1), '平均R': np.float64(0.123), '资金费占比R': np.float64(0.021)}
('SOL', 240, 55, 2.5, 3, 20) {'笔数': 107, '胜率': '41%', 'PF': np.float64(1.17), '平均R': np.float64(0.172), '资金费占比R': np.float64(0.023)}
('SOL', 240, 55, 2.5, 3, 25) {'笔数': 93, '胜率': '40%', 'PF': np.float64(1.21), '平均R': np.float64(0.233), '资金费占比R': np.float64(0.026)}
('BNB', 240, 20, 1.5, 2, 20) {'笔数': 182, '胜率': '38%', 'PF': np.float64(1.49), '平均R': np.float64(0.245), '资金费占比R': np.float64(0.007)}
('BNB', 240, 20, 1.5, 2, 25) {'笔数': 136, '胜率': '38%', 'PF': np.float64(1.52), '平均R': np.float64(0.259), '资金费占比R': np.float64(0.005)}
('BNB', 240, 20, 1.5, 3, 20) {'笔数': 163, '胜率': '36%', 'PF': np.float64(1.74), '平均R': np.float64(0.408), '资金费占比R': np.float64(0.006)}
('BNB', 240, 20, 1.5, 3, 25) {'笔数': 122, '胜率': '37%', 'PF': np.float64(1.79), '平均R': np.float64(0.436), '资金费占比R': np.float64(0.005)}
('BNB', 240, 20, 2.5, 2, 20) {'笔数': 139, '胜率': '41%', 'PF': np.float64(1.54), '平均R': np.float64(0.355), '资金费占比R': np.float64(0.01)}
('BNB', 240, 20, 2.5, 2, 25) {'笔数': 105, '胜率': '39%', 'PF': np.float64(1.38), '平均R': np.float64(0.313), '资金费占比R': np.float64(0.01)}
('BNB', 240, 20, 2.5, 3, 20) {'笔数': 129, '胜率': '41%', 'PF': np.float64(1.63), '平均R': np.float64(0.383), '资金费占比R': np.float64(0.011)}
('BNB', 240, 20, 2.5, 3, 25) {'笔数': 99, '胜率': '40%', 'PF': np.float64(1.45), '平均R': np.float64(0.304), '资金费占比R': np.float64(0.009)}
('BNB', 240, 55, 1.5, 2, 20) {'笔数': 153, '胜率': '39%', 'PF': np.float64(1.6), '平均R': np.float64(0.263), '资金费占比R': np.float64(0.008)}
('BNB', 240, 55, 1.5, 2, 25) {'笔数': 122, '胜率': '39%', 'PF': np.float64(1.65), '平均R': np.float64(0.317), '资金费占比R': np.float64(0.004)}
('BNB', 240, 55, 1.5, 3, 20) {'笔数': 136, '胜率': '39%', 'PF': np.float64(1.92), '平均R': np.float64(0.393), '资金费占比R': np.float64(0.008)}
('BNB', 240, 55, 1.5, 3, 25) {'笔数': 110, '胜率': '39%', 'PF': np.float64(1.94), '平均R': np.float64(0.426), '资金费占比R': np.float64(0.005)}
('BNB', 240, 55, 2.5, 2, 20) {'笔数': 121, '胜率': '39%', 'PF': np.float64(1.5), '平均R': np.float64(0.247), '资金费占比R': np.float64(0.01)}
('BNB', 240, 55, 2.5, 2, 25) {'笔数': 98, '胜率': '38%', 'PF': np.float64(1.36), '平均R': np.float64(0.219), '资金费占比R': np.float64(0.009)}
('BNB', 240, 55, 2.5, 3, 20) {'笔数': 112, '胜率': '38%', 'PF': np.float64(1.55), '平均R': np.float64(0.262), '资金费占比R': np.float64(0.011)}
('BNB', 240, 55, 2.5, 3, 25) {'笔数': 92, '胜率': '38%', 'PF': np.float64(1.41), '平均R': np.float64(0.217), '资金费占比R': np.float64(0.007)}
('XRP', 240, 20, 1.5, 2, 20) {'笔数': 165, '胜率': '39%', 'PF': np.float64(1.24), '平均R': np.float64(0.092), '资金费占比R': np.float64(0.014)}
('XRP', 240, 20, 1.5, 2, 25) {'笔数': 122, '胜率': '39%', 'PF': np.float64(1.3), '平均R': np.float64(0.157), '资金费占比R': np.float64(0.015)}
('XRP', 240, 20, 1.5, 3, 20) {'笔数': 154, '胜率': '34%', 'PF': np.float64(1.27), '平均R': np.float64(0.082), '资金费占比R': np.float64(0.019)}
('XRP', 240, 20, 1.5, 3, 25) {'笔数': 113, '胜率': '37%', 'PF': np.float64(1.42), '平均R': np.float64(0.173), '资金费占比R': np.float64(0.02)}
('XRP', 240, 20, 2.5, 2, 20) {'笔数': 130, '胜率': '35%', 'PF': np.float64(1.04), '平均R': np.float64(0.031), '资金费占比R': np.float64(0.016)}
('XRP', 240, 20, 2.5, 2, 25) {'笔数': 101, '胜率': '37%', 'PF': np.float64(1.25), '平均R': np.float64(0.166), '资金费占比R': np.float64(0.018)}
('XRP', 240, 20, 2.5, 3, 20) {'笔数': 124, '胜率': '36%', 'PF': np.float64(1.03), '平均R': np.float64(0.011), '资金费占比R': np.float64(0.02)}
('XRP', 240, 20, 2.5, 3, 25) {'笔数': 95, '胜率': '39%', 'PF': np.float64(1.32), '平均R': np.float64(0.164), '资金费占比R': np.float64(0.021)}
('XRP', 240, 55, 1.5, 2, 20) {'笔数': 127, '胜率': '41%', 'PF': np.float64(1.3), '平均R': np.float64(0.142), '资金费占比R': np.float64(0.016)}
('XRP', 240, 55, 1.5, 2, 25) {'笔数': 101, '胜率': '43%', 'PF': np.float64(1.43), '平均R': np.float64(0.254), '资金费占比R': np.float64(0.016)}
('XRP', 240, 55, 1.5, 3, 20) {'笔数': 117, '胜率': '35%', 'PF': np.float64(1.43), '平均R': np.float64(0.148), '资金费占比R': np.float64(0.023)}
('XRP', 240, 55, 1.5, 3, 25) {'笔数': 92, '胜率': '39%', 'PF': np.float64(1.64), '平均R': np.float64(0.297), '资金费占比R': np.float64(0.023)}
('XRP', 240, 55, 2.5, 2, 20) {'笔数': 101, '胜率': '35%', 'PF': np.float64(1.12), '平均R': np.float64(0.074), '资金费占比R': np.float64(0.02)}
('XRP', 240, 55, 2.5, 2, 25) {'笔数': 82, '胜率': '35%', 'PF': np.float64(1.28), '平均R': np.float64(0.225), '资金费占比R': np.float64(0.023)}
('XRP', 240, 55, 2.5, 3, 20) {'笔数': 94, '胜率': '37%', 'PF': np.float64(1.22), '平均R': np.float64(0.107), '资金费占比R': np.float64(0.025)}
('XRP', 240, 55, 2.5, 3, 25) {'笔数': 76, '胜率': '38%', 'PF': np.float64(1.42), '平均R': np.float64(0.25), '资金费占比R': np.float64(0.026)}
('DOGE', 240, 20, 1.5, 2, 20) {'笔数': 157, '胜率': '41%', 'PF': np.float64(2.16), '平均R': np.float64(0.373), '资金费占比R': np.float64(0.011)}
('DOGE', 240, 20, 1.5, 2, 25) {'笔数': 130, '胜率': '38%', 'PF': np.float64(2.04), '平均R': np.float64(0.248), '资金费占比R': np.float64(0.012)}
('DOGE', 240, 20, 1.5, 3, 20) {'笔数': 147, '胜率': '37%', 'PF': np.float64(1.96), '平均R': np.float64(0.282), '资金费占比R': np.float64(0.015)}
('DOGE', 240, 20, 1.5, 3, 25) {'笔数': 121, '胜率': '36%', 'PF': np.float64(1.88), '平均R': np.float64(0.194), '资金费占比R': np.float64(0.015)}
('DOGE', 240, 20, 2.5, 2, 20) {'笔数': 127, '胜率': '45%', 'PF': np.float64(2.04), '平均R': np.float64(0.305), '资金费占比R': np.float64(0.012)}
('DOGE', 240, 20, 2.5, 2, 25) {'笔数': 109, '胜率': '40%', 'PF': np.float64(1.79), '平均R': np.float64(0.235), '资金费占比R': np.float64(0.01)}
('DOGE', 240, 20, 2.5, 3, 20) {'笔数': 120, '胜率': '46%', 'PF': np.float64(1.92), '平均R': np.float64(0.253), '资金费占比R': np.float64(0.013)}
('DOGE', 240, 20, 2.5, 3, 25) {'笔数': 103, '胜率': '42%', 'PF': np.float64(1.85), '平均R': np.float64(0.217), '资金费占比R': np.float64(0.013)}
('DOGE', 240, 55, 1.5, 2, 20) {'笔数': 127, '胜率': '43%', 'PF': np.float64(2.45), '平均R': np.float64(0.436), '资金费占比R': np.float64(0.014)}
('DOGE', 240, 55, 1.5, 2, 25) {'笔数': 113, '胜率': '39%', 'PF': np.float64(2.34), '平均R': np.float64(0.316), '资金费占比R': np.float64(0.014)}
('DOGE', 240, 55, 1.5, 3, 20) {'笔数': 120, '胜率': '38%', 'PF': np.float64(2.19), '平均R': np.float64(0.306), '资金费占比R': np.float64(0.017)}
('DOGE', 240, 55, 1.5, 3, 25) {'笔数': 106, '胜率': '36%', 'PF': np.float64(2.12), '平均R': np.float64(0.214), '资金费占比R': np.float64(0.016)}
('DOGE', 240, 55, 2.5, 2, 20) {'笔数': 105, '胜率': '45%', 'PF': np.float64(2.03), '平均R': np.float64(0.33), '资金费占比R': np.float64(0.016)}
('DOGE', 240, 55, 2.5, 2, 25) {'笔数': 95, '胜率': '43%', 'PF': np.float64(1.89), '平均R': np.float64(0.326), '资金费占比R': np.float64(0.013)}
('DOGE', 240, 55, 2.5, 3, 20) {'笔数': 99, '胜率': '45%', 'PF': np.float64(1.94), '平均R': np.float64(0.27), '资金费占比R': np.float64(0.017)}
('DOGE', 240, 55, 2.5, 3, 25) {'笔数': 89, '胜率': '45%', 'PF': np.float64(2.01), '平均R': np.float64(0.306), '资金费占比R': np.float64(0.015)}
('ADA', 240, 20, 1.5, 2, 20) {'笔数': 174, '胜率': '45%', 'PF': np.float64(1.53), '平均R': np.float64(0.288), '资金费占比R': np.float64(0.012)}
('ADA', 240, 20, 1.5, 2, 25) {'笔数': 145, '胜率': '41%', 'PF': np.float64(1.34), '平均R': np.float64(0.171), '资金费占比R': np.float64(0.012)}
('ADA', 240, 20, 1.5, 3, 20) {'笔数': 161, '胜率': '38%', 'PF': np.float64(1.31), '平均R': np.float64(0.223), '资金费占比R': np.float64(0.018)}
('ADA', 240, 20, 1.5, 3, 25) {'笔数': 136, '胜率': '35%', 'PF': np.float64(1.09), '平均R': np.float64(0.056), '资金费占比R': np.float64(0.016)}
('ADA', 240, 20, 2.5, 2, 20) {'笔数': 130, '胜率': '46%', 'PF': np.float64(1.81), '平均R': np.float64(0.417), '资金费占比R': np.float64(0.02)}
('ADA', 240, 20, 2.5, 2, 25) {'笔数': 105, '胜率': '48%', 'PF': np.float64(1.88), '平均R': np.float64(0.406), '资金费占比R': np.float64(0.019)}
('ADA', 240, 20, 2.5, 3, 20) {'笔数': 124, '胜率': '45%', 'PF': np.float64(1.62), '平均R': np.float64(0.397), '资金费占比R': np.float64(0.023)}
('ADA', 240, 20, 2.5, 3, 25) {'笔数': 102, '胜率': '47%', 'PF': np.float64(1.61), '平均R': np.float64(0.339), '资金费占比R': np.float64(0.023)}
('ADA', 240, 55, 1.5, 2, 20) {'笔数': 150, '胜率': '45%', 'PF': np.float64(1.45), '平均R': np.float64(0.25), '资金费占比R': np.float64(0.01)}
('ADA', 240, 55, 1.5, 2, 25) {'笔数': 127, '胜率': '42%', 'PF': np.float64(1.4), '平均R': np.float64(0.175), '资金费占比R': np.float64(0.009)}
('ADA', 240, 55, 1.5, 3, 20) {'笔数': 138, '胜率': '36%', 'PF': np.float64(1.24), '平均R': np.float64(0.185), '资金费占比R': np.float64(0.014)}
('ADA', 240, 55, 1.5, 3, 25) {'笔数': 119, '胜率': '35%', 'PF': np.float64(1.14), '平均R': np.float64(0.057), '资金费占比R': np.float64(0.013)}
('ADA', 240, 55, 2.5, 2, 20) {'笔数': 111, '胜率': '46%', 'PF': np.float64(1.86), '平均R': np.float64(0.439), '资金费占比R': np.float64(0.015)}
('ADA', 240, 55, 2.5, 2, 25) {'笔数': 95, '胜率': '46%', 'PF': np.float64(1.88), '平均R': np.float64(0.382), '资金费占比R': np.float64(0.015)}
('ADA', 240, 55, 2.5, 3, 20) {'笔数': 106, '胜率': '45%', 'PF': np.float64(1.69), '平均R': np.float64(0.427), '资金费占比R': np.float64(0.017)}
('ADA', 240, 55, 2.5, 3, 25) {'笔数': 92, '胜率': '46%', 'PF': np.float64(1.63), '平均R': np.float64(0.336), '资金费占比R': np.float64(0.017)}
('LINK', 240, 20, 1.5, 2, 20) {'笔数': 197, '胜率': '30%', 'PF': np.float64(0.66), '平均R': np.float64(-0.17), '资金费占比R': np.float64(0.011)}
('LINK', 240, 20, 1.5, 2, 25) {'笔数': 152, '胜率': '34%', 'PF': np.float64(0.75), '平均R': np.float64(-0.068), '资金费占比R': np.float64(0.01)}
('LINK', 240, 20, 1.5, 3, 20) {'笔数': 180, '胜率': '29%', 'PF': np.float64(0.63), '平均R': np.float64(-0.151), '资金费占比R': np.float64(0.013)}
('LINK', 240, 20, 1.5, 3, 25) {'笔数': 143, '胜率': '32%', 'PF': np.float64(0.63), '平均R': np.float64(-0.126), '资金费占比R': np.float64(0.012)}
('LINK', 240, 20, 2.5, 2, 20) {'笔数': 153, '胜率': '33%', 'PF': np.float64(0.71), '平均R': np.float64(-0.07), '资金费占比R': np.float64(0.013)}
('LINK', 240, 20, 2.5, 2, 25) {'笔数': 115, '胜率': '40%', 'PF': np.float64(0.94), '平均R': np.float64(0.095), '资金费占比R': np.float64(0.012)}
('LINK', 240, 20, 2.5, 3, 20) {'笔数': 146, '胜率': '33%', 'PF': np.float64(0.65), '平均R': np.float64(-0.11), '资金费占比R': np.float64(0.014)}
('LINK', 240, 20, 2.5, 3, 25) {'笔数': 108, '胜率': '41%', 'PF': np.float64(0.89), '平均R': np.float64(0.066), '资金费占比R': np.float64(0.014)}
('LINK', 240, 55, 1.5, 2, 20) {'笔数': 158, '胜率': '31%', 'PF': np.float64(0.71), '平均R': np.float64(-0.125), '资金费占比R': np.float64(0.013)}
('LINK', 240, 55, 1.5, 2, 25) {'笔数': 131, '胜率': '34%', 'PF': np.float64(0.81), '平均R': np.float64(-0.055), '资金费占比R': np.float64(0.011)}
('LINK', 240, 55, 1.5, 3, 20) {'笔数': 144, '胜率': '30%', 'PF': np.float64(0.67), '平均R': np.float64(-0.098), '资金费占比R': np.float64(0.015)}
('LINK', 240, 55, 1.5, 3, 25) {'笔数': 124, '胜率': '31%', 'PF': np.float64(0.65), '平均R': np.float64(-0.126), '资金费占比R': np.float64(0.012)}
('LINK', 240, 55, 2.5, 2, 20) {'笔数': 125, '胜率': '35%', 'PF': np.float64(0.81), '平均R': np.float64(0.013), '资金费占比R': np.float64(0.016)}
('LINK', 240, 55, 2.5, 2, 25) {'笔数': 100, '胜率': '42%', 'PF': np.float64(1.01), '平均R': np.float64(0.16), '资金费占比R': np.float64(0.014)}
('LINK', 240, 55, 2.5, 3, 20) {'笔数': 120, '胜率': '35%', 'PF': np.float64(0.74), '平均R': np.float64(-0.039), '资金费占比R': np.float64(0.017)}
('LINK', 240, 55, 2.5, 3, 25) {'笔数': 95, '胜率': '42%', 'PF': np.float64(0.93), '平均R': np.float64(0.104), '资金费占比R': np.float64(0.016)}
