BTC 2465
ETH 2465
BCH 2465
XRP 2455
EOS 1961
LTC 2452
TRX 2446
ETC 2450
LINK 2449
XLM 2441
ADA 2435
XMR 2432
DASH 2431
ZEC 2425
XTZ 2429
BNB 2425
ATOM 2428
ONT 2424
IOTA 2418
BAT 2422
VET 2416
NEO 2418
QTUM 2415
IOST 2414
THETA 2318
ALGO 2298
ZIL 2291
KNC 2287
ZRX 2290
COMP 2284
OMG 2277
DOGE 2274
SXP 2141
KAVA 2256
BAND 2255
RLC 2248
WAVES 2236
MKR 2235
SNX 2239
DOT 2231
YFI 2217
BAL 2221
CRV 2221
TRB 2214
RUNE 2218
SUSHI 2213
SRM 1362
EGLD 2208
SOL 2203
ICX 2207
STORJ 2201
BLZ 2205
UNI 2204
AVAX 2199
FTM 2193
ENJ 2193
FLM 2188
REN 2179
KSM 2173
NEAR 2172
AAVE 2176
FIL 2171
RSR 2168
LRC 2168
MATIC 1421
OCEAN 2153
CVC 2150
BEL 2143
CTK 2142
AXS 2141
ALPHA 2138
ZEN 2132
SKL 2118
GRT 2107
1INCH 2106
LUNA 466
